chr1 57370 AACTG A NA12877_S1 0/0
chr1 57370 AACTG A NA12878_S1 0/0
chr1 58037 T C NA12877_S1 0/1
chr1 58037 T C NA12878_S1 1/1
chr1 58137 AATAAC A NA12877_S1 0/1
chr1 58137 AATAAC A NA12878_S1 0/1
chr1 58381 C T NA12877_S1 0/1
chr1 58381 C T NA12878_S1 1/1
chr1 59222 G GA NA12877_S1 0/0
chr1 59222 G GA NA12878_S1 0/0
chr1 59401 CT C NA12877_S1 0/0
chr1 59401 CT C NA12878_S1 0/0
chr1 59407 TAG T NA12877_S1 0/0
chr1 59407 TAG T NA12878_S1 0/0
chr1 59465 CTTTAA C NA12877_S1 0/0
chr1 59465 CTTTAA C NA12878_S1 0/0
chr1 59470 AT A NA12877_S1 0/0
chr1 59470 AT A NA12878_S1 0/0
chr1 59478 A AC NA12877_S1 0/0
chr1 59478 A AC NA12878_S1 0/0
chr1 59865 C T NA12877_S1 0/0
chr1 59865 C T NA12878_S1 0/1
chr1 59879 G A NA12877_S1 0|1
chr1 59879 G A NA12878_S1 1/1
chr1 59893 A G NA12877_S1 0|1
chr1 59893 A G NA12878_S1 1/1
chr1 59929 A G NA12877_S1 0/1
chr1 59929 A G NA12878_S1 1/1
