chr1 91061 ATC A
chr1 91176 T TA
chr1 91367 AC A
chr1 91538 A T
chr1 91635 ATAGCG A
chr1 91688 C CA
chr1 91809 T C
chr1 93099 A T
chr1 93833 T C
chr1 94290 TC T
chr1 94962 T A
