#CHROM	POS	ID	REF	ALT	QUAL	FILTER	INFO	FORMAT	ERR1347725
2	1	.	GTATATATATA	GTATATATA,GTATATA,G	2521	.	MQ=60;AN=2;AC=1,1,0;ADF=0,5,4,3;ADR=0,3,6,0;FS=0,0,0;HOM=0;GC=0,0,1;GQX_MEDIAN=15,15,.;GQ_MEDIAN=1048,1048,.;DP_MEDIAN=21,21,.;DP_HIST_ALT=0|0|0|0|0|0|0|0|0|0|0|0|0|0|0|0|0|0|0|0,0|0|0|0|1|0|0|0|0|0|0|0|0|0|0|0|0|0|0|0,0|0|0|0|1|0|0|0|0|0|0|0|0|0|0|0|0|0|0|0,0|0|0|0|0|0|0|0|0|0|0|0|0|0|0|0|0|0|0|0	GT:FT:GQ:GQX:DP:DPF:AD:ADF:ADR:PL	1/2:IndelConflict:1048:15:21:.:0,8,10,3:0,5,4,3:0,3,6,0:999,999,999,999,0,999,1000,1000,1000,1998
