#CHROM	POS	ID	REF	ALT	QUAL	FILTER	INFO	FORMAT	7e0c3df649dc446d82d968cf3993ffde
X	1	.	A	ATGAC	0	.	MQ=60;AN=1;AC=0;ADF=6,0;ADR=7,0;FS=0;HOM=0;GC=0,0,0;GQX_MEDIAN=.;GQ_MEDIAN=.;DP_MEDIAN=.;DP_HIST_ALT=0|0|1|0|0|0|0|0|0|0|0|0|0|0|0|0|0|0|0|0,0|0|0|0|0|0|0|0|0|0|0|0|0|0|0|0|0|0|0|0	GT:FT:GQ:GQX:DP:DPF:AD:ADF:ADR:PL	0:PASS:265:265:13:.:13,0:6,0:7,0:0,265
X	319	.	T	TTGTG	0	.	MQ=60;AN=1;AC=0;ADF=11,0;ADR=12,0;FS=0;HOM=0;GC=0,0,0;GQX_MEDIAN=.;GQ_MEDIAN=.;DP_MEDIAN=.;DP_HIST_ALT=0|0|0|0|1|0|0|0|0|0|0|0|0|0|0|0|0|0|0|0,0|0|0|0|0|0|0|0|0|0|0|0|0|0|0|0|0|0|0|0	GT:FT:GQ:GQX:DP:DPF:AD:ADF:ADR:PL	0:PASS:396:396:23:.:23,0:11,0:12,0:0,396
X	319	.	TTGTGTGTGTGTGTGTATGTGTG	TTGTGTGTGTGTGTATGTGTG,T	0	.	MQ=60;AN=1;AC=0,1;ADF=0,0,13;ADR=0,0,12;FS=0,0;HOM=0;GC=0,0,0,0,0,0;GQX_MEDIAN=.,445;GQ_MEDIAN=.,445;DP_MEDIAN=.,25;DP_HIST_ALT=0|0|0|0|0|0|0|0|0|0|0|0|0|0|0|0|0|0|0|0,0|0|0|0|0|0|0|0|0|0|0|0|0|0|0|0|0|0|0|0,0|0|0|0|0|1|0|0|0|0|0|0|0|0|0|0|0|0|0|0	GT:FT:GQ:GQX:DP:DPF:AD:ADF:ADR:PL	2:PASS:445:445:25:.:0,0,25:0,0,13:0,0,12:574,1019,0
X	335	.	A	AATGT,ATG,ATGTG	21	.	MQ=0;AN=1;AC=0,0,1;ADF=0,13,13,13;ADR=0,11,11,10;FS=0,0,0;HOM=0;GC=0,0,0,0,0,0,0,0,0,0;GQX_MEDIAN=.,.,0;GQ_MEDIAN=.,.,60;DP_MEDIAN=.,.,71;DP_HIST_ALT=0|0|0|0|0|0|0|0|0|0|0|0|0|0|0|0|0|0|0|0,0|0|0|0|0|0|0|0|0|0|0|0|0|0|0|0|0|0|0|0,0|0|0|0|0|0|0|0|0|0|0|0|0|0|0|0|0|0|0|0,0|0|0|0|0|0|0|0|0|0|0|0|0|0|1|0|0|0|0|0	GT:FT:GQ:GQX:DP:DPF:AD:ADF:ADR:PL	3:IndelConflict;LowGQX:60:0:71:.:0,24,24,23:0,13,13,13:0,11,11,10:329,269,132,0
