chr1 70698 197070697 197070697
chr1 70708 197070697 197070697
chr1 70716 . .
chr1 70777 . .
