chr1:477:T:C 30 153
chr1:1100:T:A 30 255
chr1:1572:C:CTGTT 20 239
chr1:1582:G:GTTTA 25 257.5
chr1:2528:C:G 30 220
chr1:3594:G:A 30 129
chr1:4104:AC:A 25 252
chr1:4152:A:ATTT 2 264
chr1:4159:T:TTTTC 2 58
chr1:4167:C:CTTTCT 2 66
chr1:4167:C:CTTTCTTTTT 2 38
chr1:4171:T:C 0 146
chr1:4485:A:G 30 147.5
chr1:4735:T:TG 25 143
chr1:5213:G:A 30 169.5
chr1:5418:TACAAAA:T 2 125
chr1:5420:C:CA 0 16
chr1:5420:CAAAAAAA:CA 5 49
chr1:5420:CAAAAAAA:C . .
chr1:5420:CAAAAAAA:CAA 9 17
chr1:5426:A:C 0 24
chr1:5448:A:C 20 138
chr1:5552:T:C 30 189
chr1:5737:C:T 30 189.5
chr1:5884:C:T 30 114
chr1:5961:G:A 30 191
chr1:7480:A:G 30 141
chr1:7657:CT:C 0 88
chr1:7663:AT:A 2 115
chr1:7666:C:A 0 10
chr1:7666:CA:C 16 47
chr1:7756:A:C 30 114
chr1:7805:C:G 30 102
chr1:7832:C:CTAAATAAATAAA 15 85
chr1:7832:C:CTAAATAAATAAATAAA 14.5 77.5
chr1:7832:C:CTAAATAAA 12 33
chr1:8366:C:T 30 214
chr1:8598:A:C 30 194
chr1:9063:T:C 30 246
chr1:9509:G:C 30 226
chr1:9799:A:G 30 233
chr1:9871:GAAC:G . .
chr1:10476:G:A 30 166
chr1:10598:G:A 30 221
chr1:10738:GC:G 25 127
chr1:10796:C:T 30 201
chr1:11578:T:A 30 168.5
chr1:11637:A:G 30 116.5
chr1:11784:T:TA 0 48
chr1:11786:C:A 0 18
chr1:12112:G:A 30 186
chr1:12195:T:C 30 123
chr1:13199:T:G 21 161
chr1:13444:T:A 30 183
chr1:13465:T:C 21 114
chr1:15799:A:G 22 138
chr1:15869:A:C 22 219
chr1:16283:A:G 30 228
chr1:16961:G:A 30 132
chr1:17474:C:T 30 141
chr1:17832:C:A 30 157
chr1:17954:CTT:C 25 150
chr1:17962:AAGT:A 25 162
chr1:17977:G:A 21 157
chr1:18399:T:C 30 203.5
chr1:19056:T:C 30 141
chr1:20320:G:A 30 217
chr1:20659:T:G 30 234
chr1:21190:C:T 30 231
chr1:21234:C:T 30 230
chr1:21821:TC:T . .
chr1:22094:TCTCA:T 25 157
chr1:22622:C:T 30 187
chr1:22769:G:A 30 198
chr1:23049:G:A 30 216
chr1:23157:T:C 30 200
chr1:23412:T:G 30 200
chr1:24644:G:A 30 177
chr1:26673:A:G 21 188
chr1:26847:T:A 30 206
chr1:26871:C:A 30 234
chr1:26896:A:C 30 169
chr1:27221:C:G 30 193
chr1:27607:A:G 30 158
chr1:27750:C:T 30 226
chr1:28635:A:G 30 218
chr1:29346:G:A 30 237
chr1:29654:TAAA:T . .
chr1:30202:T:C 30 217
chr1:30238:CT:C 25 435
chr1:30318:A:G 30 244
chr1:30830:A:T 30 221
chr1:31022:C:T 30 205
chr1:31665:T:C 30 189
chr1:32346:C:G 30 228
chr1:33044:G:A 30 204
chr1:34006:A:G 30 132
chr1:34827:T:G 30 233
chr1:35121:GCTTA:G 25 452
chr1:35126:C:CT 25 235
chr1:35539:T:C 30 169
chr1:36869:G:A 30 156
chr1:37238:T:C 30 176
chr1:37450:A:G 30 141
chr1:37668:A:G 30 184
chr1:38199:G:A 30 219
chr1:38560:G:A 30 157
chr1:38614:A:C 30 183
chr1:39344:G:A 30 230
chr1:39374:G:A 30 212
chr1:39801:T:G 30 176
chr1:39913:C:CAA 15 49
chr1:39913:CA:C 0 17
chr1:39914:A:C 0 7
chr1:39987:C:T 30 185
chr1:40078:CA:C 18 55
chr1:40244:C:T 30 160
chr1:40645:A:G 30 239
chr1:41523:T:TA 25 142
chr1:41523:TA:T 25 196
chr1:41787:A:G 30 197
chr1:41921:C:CA 25 283
chr1:42444:C:CA 20 103
chr1:42904:C:CCTGGA 25 317
chr1:43258:G:A 30 207
chr1:43923:A:G 30 231
chr1:44166:T:C 30 193
chr1:44381:TA:T 25 172
chr1:44392:AAC:A 2 209
chr1:44393:AC:A 25 353
chr1:44394:C:A . .
chr1:44481:T:C 30 175
chr1:44619:T:C 30 196
chr1:44717:T:A 30 246
chr1:44759:A:C 30 218
chr1:44771:C:T 30 193
chr1:44822:C:T 30 189
chr1:44908:A:G 30 268
chr1:46431:A:G 30 201
chr1:46783:C:A 30 132
chr1:47015:T:C 30 246
chr1:47319:C:A 30 251
chr1:47460:A:G 30 192
chr1:47529:C:A 30 224
chr1:47640:A:G 30 199
chr1:48392:C:T 30 206
chr1:48593:C:T 21 156
chr1:48609:T:C 21 192
chr1:48610:G:A 21 245
chr1:48674:G:GT 25 315
chr1:48782:A:T 30 201
chr1:48938:C:T 30 241
chr1:49356:G:T 30 195
chr1:49662:T:A 30 214
chr1:50776:AG:A 25 142
chr1:50845:A:G 30 178
chr1:51703:A:T 30 132
chr1:52805:T:C 30 215
chr1:53142:T:C 30 238
chr1:53374:G:A 30 202
chr1:53562:T:TA 25 81
chr1:54992:A:G 30 229
chr1:55783:T:C 30 226
chr1:55926:T:C 30 202
chr1:56662:TATTATAGTCAACATAGCA:T 25 304
chr1:57370:AACTG:A . .
chr1:58037:T:C 30 179
chr1:58137:AATAAC:A 25 336
chr1:58381:C:T 30 224
chr1:59222:G:GA . .
chr1:59401:CT:C . .
chr1:59407:TAG:T . .
chr1:59465:CTTTAA:C . .
chr1:59470:AT:A . .
chr1:59478:A:AC . .
chr1:59865:C:T 25.5 235.5
chr1:59879:G:A 30 194
chr1:59893:A:G 30 181
chr1:59929:A:G 30 199
chr1:60109:TC:T . .
chr1:60359:CTG:C 25 144
chr1:60784:A:T 30 195
chr1:61144:GC:G . .
chr1:61171:GCT:G . .
chr1:61558:A:G 30 177
chr1:62317:AT:A . .
chr1:62358:T:TAATG . .
chr1:62821:A:T 30 205
chr1:62924:T:C 30 182
chr1:63353:C:T 30 201
chr1:63842:A:G 30 215
chr1:64287:G:A 30 246
chr1:64497:G:A 30 240
chr1:64585:TA:T 25 348
chr1:64827:A:G 30 212
chr1:64898:T:TGTA 25 272
chr1:65082:TCACA:T . .
chr1:65271:TG:T . .
chr1:66075:T:C 30 195
chr1:67132:AAT:A 25 224
chr1:67317:G:GAT 20 174
chr1:68201:C:T 30 205
chr1:69669:CTT:C . .
chr1:69782:TG:T . .
chr1:69872:TTC:T . .
chr1:69874:CTG:C . .
chr1:69905:CAAA:C . .
chr1:70003:CA:C . .
chr1:70189:TTC:T . .
chr1:70245:TTTTC:T . .
chr1:70338:G:GT . .
chr1:70443:G:T 30 230
chr1:70520:ATC:A . .
chr1:70524:G:GT . .
chr1:70598:TTC:T . .
chr1:70698:T:C 30 228
chr1:70708:G:A 30 220
chr1:70716:CT:C . .
chr1:70777:C:T 30 239
chr1:70816:T:C 30 225
chr1:70886:GTAATA:G . .
chr1:70902:A:G 30 156
chr1:71073:C:CA . .
chr1:71085:C:CT . .
chr1:71220:CAG:C . .
chr1:71253:G:GCAGT . .
chr1:71526:TGAGA:T . .
chr1:71649:AT:A . .
chr1:71727:CTGTT:C . .
chr1:72043:AAT:A . .
chr1:72197:TTC:T . .
chr1:72395:GCTT:G . .
chr1:72421:T:C 30 225
chr1:72696:TTCTAA:T . .
chr1:72909:ATTG:A . .
chr1:73232:AT:A . .
chr1:73317:CA:C . .
chr1:73522:AAT:A . .
chr1:73652:ACT:A . .
chr1:73798:CT:C . .
chr1:73933:T:C 30 187
chr1:74186:G:GT . .
chr1:74261:GAAT:G . .
chr1:76195:C:T 30 226
chr1:77348:G:GA 25 293
chr1:77392:T:C 30 258
chr1:77517:T:C 30 256
chr1:78066:T:C 30 159
chr1:78099:CT:C 25 224
chr1:78101:C:T 4 76
chr1:78102:CA:C 2 25
chr1:78103:A:C 0 86
chr1:78337:C:CAA 25 333
chr1:78401:T:C 30 236
chr1:79131:T:C 30 217
chr1:79672:C:A 30 205
chr1:80037:G:C 30 190
chr1:80204:A:C 30 179
chr1:81397:C:T 30 208
chr1:81683:G:A 30 218
chr1:83160:T:TAGTGTCTACTAA 25 274
chr1:83197:T:C 30 183
chr1:83330:G:A 30 217
chr1:84144:C:T 30 195
chr1:84464:T:G 30 181
chr1:84858:C:G 30 189
chr1:85677:T:A 30 190
chr1:86131:T:C 30 242
chr1:86670:C:T 30 205
chr1:87024:C:CT . .
chr1:87038:ACT:A . .
chr1:88219:T:C 30 205
chr1:88304:G:A 30 195
chr1:88750:G:GCC 25 311
chr1:88994:C:T 30 250
chr1:91061:ATC:A . .
chr1:91176:T:TA . .
chr1:91367:AC:A . .
chr1:91538:A:T 30 216
chr1:91635:ATAGCG:A . .
chr1:91688:C:CA . .
chr1:91809:T:C 30 232
chr1:92107:A:G 30 190
chr1:92519:T:TA 25 321
chr1:93099:A:T 30 187
chr1:93833:T:C 22 200
chr1:94031:C:T 30 242
chr1:94290:TC:T . .
chr1:94962:T:A 30 219
chr1:95593:AAAAAAG:A 0 131
chr1:95595:AAAAG:A 0 122
chr1:95599:G:A 1 49
chr1:95601:G:A 0 22.5
chr1:95601:GA:G 3 115
chr1:95841:G:A 30 241
chr1:96136:T:C 30 259
chr1:96430:C:T 30 147
chr1:96481:T:G 30 208
chr1:96721:G:A 30 190
chr1:97474:G:GA 25 66
chr1:97474:G:GAA 20.5 59.5
chr1:97606:ATTTC:A . .
chr1:97620:C:CA . .
chr1:97752:A:G 30 218
chr1:97892:AAAAT:A 25 382
chr1:98144:G:C 30 203
chr1:99486:A:G 30 211
chr1:99565:T:C 30 229
chr1:100557:C:A 30 208
