chr3:10:A:G
chr3:30:CCTT:C
chr3:59:C:A
chr3:76:A:C
chr3:79:T:C
chr3:88:ATATT:A
chr3:117:CT:C
chr3:168:T:C
chr3:169:T:A
chr3:175:AAATC:A
chr3:202:A:G
chr3:210:T:C
chr3:254:C:A
chr3:265:G:A
chr3:314:G:T
chr3:398:C:T
chr3:420:T:C
chr3:452:C:G
chr3:479:A:G
chr3:492:C:G
chr3:529:A:G
chr3:532:C:T
chr3:536:T:C
chr3:538:C:A
chr3:579:G:A
chr3:582:C:T
chr3:587:G:C
chr3:589:A:G
chr3:609:T:C
chr3:629:T:C
chr3:680:G:A
chr3:681:C:T
chr3:746:T:A
chr3:756:A:T
chr3:762:C:A
chr3:780:T:C
chr3:791:T:A
chr3:814:A:C
chr3:858:G:C
chr3:896:A:G
chr3:928:TA:T
chr3:936:CTATTTTAATT:C
chr3:964:C:T
chr3:1003:GGA:G
chr3:1004:GA:G
chr3:1029:T:C
chr3:1047:C:A
chr3:1055:A:C
chr3:1080:A:AT
chr3:1081:CATAA:T
chr3:1086:G:C
chr3:1088:G:T
chr3:1118:T:G
chr3:1217:T:G
chr3:1243:CAAAA:C
chr3:1284:C:T
chr3:1351:G:A
chr3:1351:GC:G
chr3:1352:CA:C
chr3:1368:T:C
chr3:1410:C:CA
chr3:1421:A:C
chr3:1470:C:T
chr3:1493:A:C
chr3:1510:T:C
chr3:1556:C:A
chr3:1559:T:G
chr3:1585:A:G
chr3:1608:A:G
chr3:1648:G:A
chr3:1676:G:T
chr3:1687:T:C
chr3:1742:G:A
chr3:1764:T:C
chr3:1774:CT:C
chr3:1825:G:A
chr3:1866:G:A
chr3:1871:C:A
chr3:1880:C:T
chr3:1930:C:T
chr3:1952:T:TCCGCC
chr3:1955:C:CAAAAAAA
chr3:1955:C:CCCCACA
chr3:1956:A:G
chr3:1966:AAAAAAAAAAT:A
chr3:1967:AAAAAAAAAT:A
chr3:1975:ATT:A
chr3:1995:C:A
chr3:2000:GTTC:G
chr3:2018:C:G
chr3:2023:G:C
chr3:2083:G:T
chr3:2128:C:G
chr3:2189:C:T
chr3:2190:G:A
chr3:2223:T:A
chr3:2229:C:T
chr3:2256:G:A
chr3:2278:C:T
chr3:2282:T:TAA
chr3:2310:C:T
chr3:2327:T:A
chr3:2376:TTA:T
chr3:2400:C:CTTTTTT
chr3:2400:CTTT:C
chr3:2400:CTTTT:C
chr3:2400:CTTTTT:C
chr3:2412:TTTTTTTTC:C
chr3:2423:A:G
chr3:2428:C:G
chr3:2454:T:A
chr3:2492:T:C
chr3:2566:C:G
chr3:2584:A:T
chr3:2590:G:C
chr3:2617:G:C
chr3:2617:GAAT:G
chr3:2650:G:A
chr3:2686:T:C
chr3:2689:C:T
chr3:2753:T:G
chr3:2782:T:C
chr3:2783:G:T
chr3:2836:A:G
chr3:2865:T:TAA
chr3:2916:G:C
chr3:2978:T:TC
chr3:2987:G:T
chr3:3016:T:C
chr3:3028:A:G
chr3:3097:C:G
chr3:3234:C:T
chr3:3237:A:G
chr3:3439:C:T
chr3:3569:A:AT
chr3:3569:A:T
chr3:3600:C:G
chr3:3607:C:A
chr3:3613:G:A
chr3:3650:T:C
chr3:3651:G:A
chr3:3667:T:C
chr3:3728:C:T
chr3:3764:T:G
chr3:3774:T:G
chr3:3775:A:T
chr3:3797:G:T
chr3:3838:T:C
chr3:3841:A:ATTG
chr3:3842:A:AG
chr3:3855:G:C
chr3:3864:A:C
chr3:3903:TG:T
chr3:3925:T:C
chr3:3954:AC:A
chr3:3975:CAT:C
chr3:3979:T:G
chr3:4001:A:C
chr3:4039:G:A
chr3:4045:C:T
chr3:4061:TCA:T
chr3:4075:G:T
chr3:4102:T:C
chr3:4107:ATTC:A
chr3:4157:C:T
chr3:4162:A:T
chr3:4171:T:C
chr3:4200:C:T
chr3:4270:T:TC
chr3:4322:T:C
chr3:4372:C:T
chr3:4399:G:C
chr3:4402:T:TA
chr3:4412:A:G
chr3:4502:C:T
chr3:4520:T:C
chr3:4533:C:CCT
chr3:4553:C:A
chr3:4583:C:T
chr3:4624:C:T
chr3:4625:A:G
chr3:4669:G:A
chr3:4691:G:A
chr3:4701:A:G
chr3:4733:G:C
chr3:4740:A:G
chr3:4777:T:G
chr3:4782:A:G
chr3:4784:G:T
chr3:4821:A:G
chr3:4844:CAA:C
chr3:4858:T:G
chr3:4860:T:C
chr3:4923:A:G
chr3:4924:C:A
chr3:4928:G:A
chr3:4947:C:T
chr3:4950:C:T
chr3:4952:C:A
chr3:4954:C:T
chr3:4959:T:C
chr3:4961:C:T
chr3:4972:T:C
chr3:5044:G:C
chr3:5069:G:A
chr3:5090:C:T
chr3:5141:C:T
chr3:5233:C:T
chr3:5263:C:T
chr3:5289:T:A
chr3:5291:A:T
chr3:5362:C:A
chr3:5376:C:G
chr3:5401:AG:A
chr3:5426:T:C
chr3:5445:C:T
chr3:5463:T:C
chr3:5523:C:A
chr3:5578:A:C
chr3:5581:C:A
chr3:5601:T:C
chr3:5608:C:T
chr3:5648:G:A
chr3:5678:C:A
chr3:5719:G:C
chr3:5722:G:C
chr3:5789:T:C
chr3:5796:G:A
chr3:5811:C:A
chr3:5840:T:C
chr3:5864:G:A
chr3:5867:G:A
chr3:5901:G:A
chr3:5903:A:G
chr3:5936:G:A
chr3:5939:G:GT
chr3:5956:G:A
chr3:5988:C:T
chr3:5996:A:T
chr3:6024:T:C
chr3:6029:T:TA
chr3:6082:GA:G
chr3:6084:A:C
chr3:6086:A:C
chr3:6122:T:C
chr3:6126:C:T
chr3:6144:G:A
chr3:6160:G:A
chr3:6246:T:TAC
chr3:6252:A:T
chr3:6294:TCTC:T
chr3:6315:A:G
chr3:6369:TAAAT:C
chr3:6374:T:A
chr3:6375:G:A
chr3:6376:T:A
chr3:6383:AAC:A
chr3:6385:CAT:C
chr3:6427:G:T
chr3:6448:A:C
chr3:6469:G:A
chr3:6479:G:A
chr3:6526:A:G
chr3:6531:T:C
chr3:6532:G:A
chr3:6534:G:A
chr3:6588:G:A
chr3:6615:C:T
chr3:6641:T:C
chr3:6663:T:C
chr3:6681:T:C
chr3:6722:T:G
chr3:6807:GT:G
chr3:6831:C:T
chr3:6867:C:T
chr3:6926:T:C
chr3:6970:T:C
chr3:7014:T:C
chr3:7034:A:G
chr3:7036:TCCTA:T
chr3:7085:G:CTTTT
chr3:7089:T:C
chr3:7089:T:C
chr3:7118:G:A
chr3:7139:A:G
chr3:7160:TC:T
chr3:7176:C:G
chr3:7178:C:T
chr3:7238:T:C
chr3:7243:C:T
chr3:7262:C:A
chr3:7285:C:T
chr3:7305:C:G
chr3:7347:A:AT
chr3:7389:C:G
chr3:7428:A:G
chr3:7433:A:C
chr3:7435:T:C
chr3:7496:A:C
chr3:7499:G:A
chr3:7514:T:C
chr3:7539:T:C
chr3:7595:C:T
chr3:7603:A:G
chr3:7624:C:T
chr3:7646:C:A
chr3:7652:C:T
chr3:7666:C:T
chr3:7675:C:T
chr3:7713:C:T
chr3:7717:G:C
chr3:7718:G:A
chr3:7719:G:A
chr3:7720:G:A
chr3:7733:A:T
chr3:7795:ACTCATTG:C
chr3:7803:T:C
chr3:7831:A:C
chr3:8008:T:TG
chr3:8037:AG:A
chr3:8070:T:A
chr3:8116:T:G
chr3:8161:GT:G
chr3:8162:T:G
chr3:8176:T:C
chr3:8249:T:TG
chr3:8265:T:C
chr3:8281:GT:G
chr3:8296:T:C
chr3:8312:A:G
chr3:8351:C:T
chr3:8383:G:A
chr3:8394:G:C
chr3:8439:A:G
chr3:8442:G:A
chr3:8476:A:T
chr3:8493:T:C
chr3:8566:G:A
chr3:8597:A:G
chr3:8636:G:T
chr3:8658:T:A
chr3:8683:T:C
chr3:8699:G:A
chr3:8754:C:T
chr3:8765:A:C
chr3:8767:CA:C
chr3:8767:CAA:C
chr3:8767:CAAA:C
chr3:8767:CAAAAA:C
chr3:8801:C:G
chr3:8814:T:C
chr3:8854:C:T
chr3:8886:AT:A
chr3:8887:T:G
chr3:8904:C:T
chr3:8923:G:T
chr3:8949:A:G
chr3:8963:G:C
chr3:8970:C:T
chr3:8999:T:C
chr3:9007:GT:G
chr3:9021:G:T
chr3:9087:G:C
chr3:9090:A:G
chr3:9135:A:G
chr3:9172:C:T
chr3:9233:A:G
chr3:9236:G:C
chr3:9270:A:C
chr3:9282:C:T
chr3:9308:A:T
chr3:9320:G:T
chr3:9361:A:T
chr3:9440:G:A
chr3:9443:A:G
chr3:9465:G:A
chr3:9509:A:AGG
chr3:9510:A:G
chr3:9511:A:G
chr3:9541:A:G
chr3:9553:A:G
chr3:9574:A:G
chr3:9597:C:T
chr3:9637:TA:T
chr3:9650:T:G
chr3:9681:A:G
chr3:9689:T:G
chr3:9710:C:T
chr3:9770:C:G
chr3:9778:TA:T
chr3:9858:C:A
chr3:9919:A:G
chr3:9931:A:T
chr3:9961:A:C
